192.168.1.45 - user4821 [22/May/2026:08:01:12 +0000] "GET /api/v2/users/me HTTP/1.1" 200 1247 "-" "Mozilla/5.0 (Macintosh; Intel Mac OS X 10_15_7)"
192.168.1.45 - user4821 [22/May/2026:08:01:14 +0000] "GET /api/v2/dashboard HTTP/1.1" 200 8432 "https://app.example.com/" "Mozilla/5.0 (Macintosh; Intel Mac OS X 10_15_7)"
10.0.0.55 - - [22/May/2026:08:04:22 +0000] "POST /api/v2/auth/login HTTP/1.1" 401 89 "-" "python-requests/2.31.0"
10.0.0.55 - - [22/May/2026:08:04:23 +0000] "POST /api/v2/auth/login HTTP/1.1" 401 89 "-" "python-requests/2.31.0"
10.0.0.55 - - [22/May/2026:08:04:24 +0000] "POST /api/v2/auth/login HTTP/1.1" 401 89 "-" "python-requests/2.31.0"
10.0.0.55 - - [22/May/2026:08:04:25 +0000] "POST /api/v2/auth/login HTTP/1.1" 429 52 "-" "python-requests/2.31.0"
192.168.1.102 - - [22/May/2026:08:05:00 +0000] "GET /health HTTP/1.1" 200 15 "-" "kube-probe/1.28"
172.16.0.10 - api-svc [22/May/2026:08:05:30 +0000] "POST /api/v2/webhooks HTTP/1.1" 500 234 "-" "webhook-relay/1.0"
192.168.1.45 - user4821 [22/May/2026:08:06:00 +0000] "GET /api/v2/reports/daily HTTP/1.1" 200 45231 "https://app.example.com/reports" "Mozilla/5.0 (Macintosh; Intel Mac OS X 10_15_7)"
192.168.1.200 - admin [22/May/2026:08:06:30 +0000] "GET /api/v2/admin/metrics HTTP/1.1" 200 2341 "https://admin.example.com/" "Mozilla/5.0 (Windows NT 10.0; Win64; x64)"
10.0.0.55 - - [22/May/2026:08:07:00 +0000] "POST /api/v2/auth/login HTTP/1.1" 401 89 "-" "python-requests/2.31.0"
10.0.0.55 - - [22/May/2026:08:07:01 +0000] "POST /api/v2/auth/login HTTP/1.1" 401 89 "-" "python-requests/2.31.0"
192.168.1.102 - - [22/May/2026:08:10:00 +0000] "GET /health HTTP/1.1" 503 28 "-" "kube-probe/1.28"
192.168.1.102 - - [22/May/2026:08:10:05 +0000] "GET /health HTTP/1.1" 503 28 "-" "kube-probe/1.28"
192.168.1.102 - - [22/May/2026:08:10:10 +0000] "GET /health HTTP/1.1" 503 28 "-" "kube-probe/1.28"
192.168.1.102 - - [22/May/2026:08:10:35 +0000] "GET /health HTTP/1.1" 200 15 "-" "kube-probe/1.28"
192.168.1.45 - user4821 [22/May/2026:08:12:00 +0000] "PUT /api/v2/settings HTTP/1.1" 200 89 "https://app.example.com/settings" "Mozilla/5.0 (Macintosh; Intel Mac OS X 10_15_7)"
172.16.0.20 - batch-worker [22/May/2026:08:15:00 +0000] "POST /api/v2/batch/process HTTP/1.1" 202 156 "-" "internal-worker/2.1"
192.168.1.200 - admin [22/May/2026:08:20:00 +0000] "DELETE /api/v2/admin/cache HTTP/1.1" 204 0 "https://admin.example.com/" "Mozilla/5.0 (Windows NT 10.0; Win64; x64)"
192.168.1.45 - user4821 [22/May/2026:08:25:00 +0000] "GET /api/v2/notifications HTTP/1.1" 200 3421 "https://app.example.com/" "Mozilla/5.0 (Macintosh; Intel Mac OS X 10_15_7)"
172.16.0.10 - api-svc [22/May/2026:08:30:00 +0000] "POST /api/v2/webhooks HTTP/1.1" 200 67 "-" "webhook-relay/1.0"
192.168.1.102 - - [22/May/2026:08:35:00 +0000] "GET /health HTTP/1.1" 200 15 "-" "kube-probe/1.28"
10.0.0.88 - scanner [22/May/2026:08:40:00 +0000] "GET /api/v2/../../../etc/passwd HTTP/1.1" 400 45 "-" "nikto/2.5.0"
10.0.0.88 - scanner [22/May/2026:08:40:01 +0000] "GET /api/v2/admin\'%20OR%201=1-- HTTP/1.1" 400 45 "-" "nikto/2.5.0"
10.0.0.88 - scanner [22/May/2026:08:40:02 +0000] "POST /api/v2/auth/login HTTP/1.1" 400 45 "-" "nikto/2.5.0"
192.168.1.45 - user4821 [22/May/2026:08:45:00 +0000] "GET /api/v2/export/csv HTTP/1.1" 200 892341 "https://app.example.com/reports" "Mozilla/5.0 (Macintosh; Intel Mac OS X 10_15_7)"
172.16.0.20 - batch-worker [22/May/2026:08:50:00 +0000] "POST /api/v2/batch/process HTTP/1.1" 202 156 "-" "internal-worker/2.1"
192.168.1.200 - admin [22/May/2026:08:55:00 +0000] "GET /api/v2/admin/audit-log HTTP/1.1" 200 12456 "https://admin.example.com/" "Mozilla/5.0 (Windows NT 10.0; Win64; x64)"
192.168.1.102 - - [22/May/2026:09:00:00 +0000] "GET /health HTTP/1.1" 200 15 "-" "kube-probe/1.28"
172.16.0.10 - api-svc [22/May/2026:09:00:30 +0000] "POST /api/v2/webhooks HTTP/1.1" 200 67 "-" "webhook-relay/1.0"
192.168.1.45 - user4821 [22/May/2026:09:05:00 +0000] "GET /api/v2/users/me HTTP/1.1" 200 1247 "-" "Mozilla/5.0 (Macintosh; Intel Mac OS X 10_15_7)"
